/home/teo/Documents/Ynov/M1/TestAndTU/exo_1_2/Exo10/src/main/java/org/example/Main.java
/home/teo/Documents/Ynov/M1/TestAndTU/exo_1_2/Exo10/src/main/java/org/example/exo10/model/Order.java
/home/teo/Documents/Ynov/M1/TestAndTU/exo_1_2/Exo10/src/main/java/org/example/exo10/model/Product.java
/home/teo/Documents/Ynov/M1/TestAndTU/exo_1_2/Exo10/src/main/java/org/example/exo10/model/User.java
/home/teo/Documents/Ynov/M1/TestAndTU/exo_1_2/Exo10/src/main/java/org/example/exo10/repository/OrderRepository.java
/home/teo/Documents/Ynov/M1/TestAndTU/exo_1_2/Exo10/src/main/java/org/example/exo10/repository/ProductRepository.java
/home/teo/Documents/Ynov/M1/TestAndTU/exo_1_2/Exo10/src/main/java/org/example/exo10/repository/UserRepository.java
/home/teo/Documents/Ynov/M1/TestAndTU/exo_1_2/Exo10/src/main/java/org/example/exo10/service/LoginFailedException.java
/home/teo/Documents/Ynov/M1/TestAndTU/exo_1_2/Exo10/src/main/java/org/example/exo10/service/OrderNotFoundException.java
/home/teo/Documents/Ynov/M1/TestAndTU/exo_1_2/Exo10/src/main/java/org/example/exo10/service/OrderService.java
/home/teo/Documents/Ynov/M1/TestAndTU/exo_1_2/Exo10/src/main/java/org/example/exo10/service/ProductNotInOrderException.java
/home/teo/Documents/Ynov/M1/TestAndTU/exo_1_2/Exo10/src/main/java/org/example/exo10/service/ProductService.java
/home/teo/Documents/Ynov/M1/TestAndTU/exo_1_2/Exo10/src/main/java/org/example/exo10/service/UserAlreadyExistsException.java
/home/teo/Documents/Ynov/M1/TestAndTU/exo_1_2/Exo10/src/main/java/org/example/exo10/service/UserService.java
