/home/teo/Documents/Ynov/M1/TestAndTU/exo_1_2/Exo12/src/main/java/org/example/Main.java
/home/teo/Documents/Ynov/M1/TestAndTU/exo_1_2/Exo12/src/main/java/org/example/exo12/Exo12Application.java
/home/teo/Documents/Ynov/M1/TestAndTU/exo_1_2/Exo12/src/main/java/org/example/exo12/controller/ReservationController.java
/home/teo/Documents/Ynov/M1/TestAndTU/exo_1_2/Exo12/src/main/java/org/example/exo12/controller/RoomController.java
/home/teo/Documents/Ynov/M1/TestAndTU/exo_1_2/Exo12/src/main/java/org/example/exo12/dto/CreateReservationRequest.java
/home/teo/Documents/Ynov/M1/TestAndTU/exo_1_2/Exo12/src/main/java/org/example/exo12/dto/CreateRoomRequest.java
/home/teo/Documents/Ynov/M1/TestAndTU/exo_1_2/Exo12/src/main/java/org/example/exo12/exception/GlobalExceptionHandler.java
/home/teo/Documents/Ynov/M1/TestAndTU/exo_1_2/Exo12/src/main/java/org/example/exo12/exception/ReservationConflictException.java
/home/teo/Documents/Ynov/M1/TestAndTU/exo_1_2/Exo12/src/main/java/org/example/exo12/exception/ReservationNotFoundException.java
/home/teo/Documents/Ynov/M1/TestAndTU/exo_1_2/Exo12/src/main/java/org/example/exo12/exception/RoomNotFoundException.java
/home/teo/Documents/Ynov/M1/TestAndTU/exo_1_2/Exo12/src/main/java/org/example/exo12/model/Reservation.java
/home/teo/Documents/Ynov/M1/TestAndTU/exo_1_2/Exo12/src/main/java/org/example/exo12/model/ReservationStatus.java
/home/teo/Documents/Ynov/M1/TestAndTU/exo_1_2/Exo12/src/main/java/org/example/exo12/model/Room.java
/home/teo/Documents/Ynov/M1/TestAndTU/exo_1_2/Exo12/src/main/java/org/example/exo12/repository/InMemoryReservationRepository.java
/home/teo/Documents/Ynov/M1/TestAndTU/exo_1_2/Exo12/src/main/java/org/example/exo12/repository/InMemoryRoomRepository.java
/home/teo/Documents/Ynov/M1/TestAndTU/exo_1_2/Exo12/src/main/java/org/example/exo12/repository/ReservationRepository.java
/home/teo/Documents/Ynov/M1/TestAndTU/exo_1_2/Exo12/src/main/java/org/example/exo12/repository/RoomRepository.java
/home/teo/Documents/Ynov/M1/TestAndTU/exo_1_2/Exo12/src/main/java/org/example/exo12/service/ReservationService.java
/home/teo/Documents/Ynov/M1/TestAndTU/exo_1_2/Exo12/src/main/java/org/example/exo12/service/RoomService.java
